Archive member included to satisfy reference by file (symbol)

/Applications/STM32CubeIDE.app/Contents/Eclipse/plugins/com.st.stm32cube.ide.mcu.externaltools.gnu-tools-for-stm32.9-2020-q2-update.macos64_2.0.0.202105311346/tools/bin/../lib/gcc/arm-none-eabi/9.3.1/../../../../arm-none-eabi/lib/thumb/v7-m/nofp/libc_nano.a(lib_a-exit.o)
                              /Applications/STM32CubeIDE.app/Contents/Eclipse/plugins/com.st.stm32cube.ide.mcu.externaltools.gnu-tools-for-stm32.9-2020-q2-update.macos64_2.0.0.202105311346/tools/bin/../lib/gcc/arm-none-eabi/9.3.1/../../../../arm-none-eabi/lib/thumb/v7-m/nofp/crt0.o (exit)
/Applications/STM32CubeIDE.app/Contents/Eclipse/plugins/com.st.stm32cube.ide.mcu.externaltools.gnu-tools-for-stm32.9-2020-q2-update.macos64_2.0.0.202105311346/tools/bin/../lib/gcc/arm-none-eabi/9.3.1/../../../../arm-none-eabi/lib/thumb/v7-m/nofp/libc_nano.a(lib_a-impure.o)
                              /Applications/STM32CubeIDE.app/Contents/Eclipse/plugins/com.st.stm32cube.ide.mcu.externaltools.gnu-tools-for-stm32.9-2020-q2-update.macos64_2.0.0.202105311346/tools/bin/../lib/gcc/arm-none-eabi/9.3.1/../../../../arm-none-eabi/lib/thumb/v7-m/nofp/libc_nano.a(lib_a-exit.o) (_global_impure_ptr)
/Applications/STM32CubeIDE.app/Contents/Eclipse/plugins/com.st.stm32cube.ide.mcu.externaltools.gnu-tools-for-stm32.9-2020-q2-update.macos64_2.0.0.202105311346/tools/bin/../lib/gcc/arm-none-eabi/9.3.1/../../../../arm-none-eabi/lib/thumb/v7-m/nofp/libc_nano.a(lib_a-init.o)
                              /Applications/STM32CubeIDE.app/Contents/Eclipse/plugins/com.st.stm32cube.ide.mcu.externaltools.gnu-tools-for-stm32.9-2020-q2-update.macos64_2.0.0.202105311346/tools/bin/../lib/gcc/arm-none-eabi/9.3.1/../../../../arm-none-eabi/lib/thumb/v7-m/nofp/crt0.o (__libc_init_array)
/Applications/STM32CubeIDE.app/Contents/Eclipse/plugins/com.st.stm32cube.ide.mcu.externaltools.gnu-tools-for-stm32.9-2020-q2-update.macos64_2.0.0.202105311346/tools/bin/../lib/gcc/arm-none-eabi/9.3.1/../../../../arm-none-eabi/lib/thumb/v7-m/nofp/libc_nano.a(lib_a-memset.o)
                              /Applications/STM32CubeIDE.app/Contents/Eclipse/plugins/com.st.stm32cube.ide.mcu.externaltools.gnu-tools-for-stm32.9-2020-q2-update.macos64_2.0.0.202105311346/tools/bin/../lib/gcc/arm-none-eabi/9.3.1/../../../../arm-none-eabi/lib/thumb/v7-m/nofp/crt0.o (memset)
/Applications/STM32CubeIDE.app/Contents/Eclipse/plugins/com.st.stm32cube.ide.mcu.externaltools.gnu-tools-for-stm32.9-2020-q2-update.macos64_2.0.0.202105311346/tools/bin/../lib/gcc/arm-none-eabi/9.3.1/thumb/v7-m/nofp/libgcc.a(_arm_muldf3.o)
                              ./Src/control.o (__aeabi_dmul)
/Applications/STM32CubeIDE.app/Contents/Eclipse/plugins/com.st.stm32cube.ide.mcu.externaltools.gnu-tools-for-stm32.9-2020-q2-update.macos64_2.0.0.202105311346/tools/bin/../lib/gcc/arm-none-eabi/9.3.1/thumb/v7-m/nofp/libgcc.a(_arm_mulsf3.o)
                              ./Src/control.o (__aeabi_fmul)
/Applications/STM32CubeIDE.app/Contents/Eclipse/plugins/com.st.stm32cube.ide.mcu.externaltools.gnu-tools-for-stm32.9-2020-q2-update.macos64_2.0.0.202105311346/tools/bin/../lib/gcc/arm-none-eabi/9.3.1/thumb/v7-m/nofp/libgcc.a(_arm_addsubdf3.o)
                              ./Src/control.o (__aeabi_dsub)
/Applications/STM32CubeIDE.app/Contents/Eclipse/plugins/com.st.stm32cube.ide.mcu.externaltools.gnu-tools-for-stm32.9-2020-q2-update.macos64_2.0.0.202105311346/tools/bin/../lib/gcc/arm-none-eabi/9.3.1/thumb/v7-m/nofp/libgcc.a(_arm_muldivdf3.o)
                              ./Src/control.o (__aeabi_ddiv)
/Applications/STM32CubeIDE.app/Contents/Eclipse/plugins/com.st.stm32cube.ide.mcu.externaltools.gnu-tools-for-stm32.9-2020-q2-update.macos64_2.0.0.202105311346/tools/bin/../lib/gcc/arm-none-eabi/9.3.1/thumb/v7-m/nofp/libgcc.a(_arm_cmpdf2.o)
                              ./Src/control.o (__aeabi_dcmplt)
/Applications/STM32CubeIDE.app/Contents/Eclipse/plugins/com.st.stm32cube.ide.mcu.externaltools.gnu-tools-for-stm32.9-2020-q2-update.macos64_2.0.0.202105311346/tools/bin/../lib/gcc/arm-none-eabi/9.3.1/thumb/v7-m/nofp/libgcc.a(_arm_fixdfsi.o)
                              ./Src/control.o (__aeabi_d2iz)
/Applications/STM32CubeIDE.app/Contents/Eclipse/plugins/com.st.stm32cube.ide.mcu.externaltools.gnu-tools-for-stm32.9-2020-q2-update.macos64_2.0.0.202105311346/tools/bin/../lib/gcc/arm-none-eabi/9.3.1/thumb/v7-m/nofp/libgcc.a(_arm_truncdfsf2.o)
                              ./Src/control.o (__aeabi_d2f)
/Applications/STM32CubeIDE.app/Contents/Eclipse/plugins/com.st.stm32cube.ide.mcu.externaltools.gnu-tools-for-stm32.9-2020-q2-update.macos64_2.0.0.202105311346/tools/bin/../lib/gcc/arm-none-eabi/9.3.1/thumb/v7-m/nofp/libgcc.a(_arm_addsubsf3.o)
                              ./Src/usart.o (__aeabi_fsub)
[...]
Memory Configuration

Name             Origin             Length             Attributes
RAM              0x0000000020000000 0x0000000000005000 xrw
FLASH            0x0000000008000000 0x0000000000010000 xr
*default*        0x0000000000000000 0xffffffffffffffff

Linker script and memory map

LOAD /Applications/STM32CubeIDE.app/Contents/Eclipse/plugins/com.st.stm32cube.ide.mcu.externaltools.gnu-tools-for-stm32.9-2020-q2-update.macos64_2.0.0.202105311346/tools/bin/../lib/gcc/arm-none-eabi/9.3.1/thumb/v7-m/nofp/crti.o
LOAD /Applications/STM32CubeIDE.app/Contents/Eclipse/plugins/com.st.stm32cube.ide.mcu.externaltools.gnu-tools-for-stm32.9-2020-q2-update.macos64_2.0.0.202105311346/tools/bin/../lib/gcc/arm-none-eabi/9.3.1/thumb/v7-m/nofp/crtbegin.o
LOAD /Applications/STM32CubeIDE.app/Contents/Eclipse/plugins/com.st.stm32cube.ide.mcu.externaltools.gnu-tools-for-stm32.9-2020-q2-update.macos64_2.0.0.202105311346/tools/bin/../lib/gcc/arm-none-eabi/9.3.1/../../../../arm-none-eabi/lib/thumb/v7-m/nofp/crt0.o
LOAD ./Src/angle.o
LOAD ./Src/control.o
LOAD ./Src/encoder.o
LOAD ./Src/key.o
LOAD ./Src/led.o
LOAD ./Src/main.o
LOAD ./Src/median_filter.o
LOAD ./Src/motor.o
LOAD ./Src/sys.o
LOAD ./Src/timer.o
LOAD ./Src/usart.o
LOAD ./Startup/startup_stm32f103c8tx.o
START GROUP
LOAD /Applications/STM32CubeIDE.app/Contents/Eclipse/plugins/com.st.stm32cube.ide.mcu.externaltools.gnu-tools-for-stm32.9-2020-q2-update.macos64_2.0.0.202105311346/tools/bin/../lib/gcc/arm-none-eabi/9.3.1/../../../../arm-none-eabi/lib/thumb/v7-m/nofp/libc_nano.a
LOAD /Applications/STM32CubeIDE.app/Contents/Eclipse/plugins/com.st.stm32cube.ide.mcu.externaltools.gnu-tools-for-stm32.9-2020-q2-update.macos64_2.0.0.202105311346/tools/bin/../lib/gcc/arm-none-eabi/9.3.1/../../../../arm-none-eabi/lib/thumb/v7-m/nofp/libm.a
END GROUP
START GROUP
LOAD /Applications/STM32CubeIDE.app/Contents/Eclipse/plugins/com.st.stm32cube.ide.mcu.externaltools.gnu-tools-for-stm32.9-2020-q2-update.macos64_2.0.0.202105311346/tools/bin/../lib/gcc/arm-none-eabi/9.3.1/thumb/v7-m/nofp/libgcc.a
LOAD /Applications/STM32CubeIDE.app/Contents/Eclipse/plugins/com.st.stm32cube.ide.mcu.externaltools.gnu-tools-for-stm32.9-2020-q2-update.macos64_2.0.0.202105311346/tools/bin/../lib/gcc/arm-none-eabi/9.3.1/../../../../arm-none-eabi/lib/thumb/v7-m/nofp/libc_nano.a
END GROUP
START GROUP
LOAD /Applications/STM32CubeIDE.app/Contents/Eclipse/plugins/com.st.stm32cube.ide.mcu.externaltools.gnu-tools-for-stm32.9-2020-q2-update.macos64_2.0.0.202105311346/tools/bin/../lib/gcc/arm-none-eabi/9.3.1/thumb/v7-m/nofp/libgcc.a
LOAD /Applications/STM32CubeIDE.app/Contents/Eclipse/plugins/com.st.stm32cube.ide.mcu.externaltools.gnu-tools-for-stm32.9-2020-q2-update.macos64_2.0.0.202105311346/tools/bin/../lib/gcc/arm-none-eabi/9.3.1/../../../../arm-none-eabi/lib/thumb/v7-m/nofp/libc_nano.a
LOAD /Applications/STM32CubeIDE.app/Contents/Eclipse/plugins/com.st.stm32cube.ide.mcu.externaltools.gnu-tools-for-stm32.9-2020-q2-update.macos64_2.0.0.202105311346/tools/bin/../lib/gcc/arm-none-eabi/9.3.1/../../../../arm-none-eabi/lib/thumb/v7-m/nofp/libnosys.a
END GROUP
START GROUP
LOAD /Applications/STM32CubeIDE.app/Contents/Eclipse/plugins/com.st.stm32cube.ide.mcu.externaltools.gnu-tools-for-stm32.9-2020-q2-update.macos64_2.0.0.202105311346/tools/bin/../lib/gcc/arm-none-eabi/9.3.1/thumb/v7-m/nofp/libgcc.a
LOAD /Applications/STM32CubeIDE.app/Contents/Eclipse/plugins/com.st.stm32cube.ide.mcu.externaltools.gnu-tools-for-stm32.9-2020-q2-update.macos64_2.0.0.202105311346/tools/bin/../lib/gcc/arm-none-eabi/9.3.1/../../../../arm-none-eabi/lib/thumb/v7-m/nofp/libc_nano.a
LOAD /Applications/STM32CubeIDE.app/Contents/Eclipse/plugins/com.st.stm32cube.ide.mcu.externaltools.gnu-tools-for-stm32.9-2020-q2-update.macos64_2.0.0.202105311346/tools/bin/../lib/gcc/arm-none-eabi/9.3.1/../../../../arm-none-eabi/lib/thumb/v7-m/nofp/libnosys.a
END GROUP
LOAD /Applications/STM32CubeIDE.app/Contents/Eclipse/plugins/com.st.stm32cube.ide.mcu.externaltools.gnu-tools-for-stm32.9-2020-q2-update.macos64_2.0.0.202105311346/tools/bin/../lib/gcc/arm-none-eabi/9.3.1/thumb/v7-m/nofp/crtend.o
LOAD /Applications/STM32CubeIDE.app/Contents/Eclipse/plugins/com.st.stm32cube.ide.mcu.externaltools.gnu-tools-for-stm32.9-2020-q2-update.macos64_2.0.0.202105311346/tools/bin/../lib/gcc/arm-none-eabi/9.3.1/thumb/v7-m/nofp/crtn.o
                0x0000000020005000                _estack = (ORIGIN (RAM) + LENGTH (RAM))
                0x0000000000000200                _Min_Heap_Size = 0x200
                0x0000000000000400                _Min_Stack_Size = 0x400

.isr_vector     0x0000000008000000      0x130
                0x0000000008000000                . = ALIGN (0x4)
 *(.isr_vector)
 .isr_vector    0x0000000008000000      0x130 ./Startup/startup_stm32f103c8tx.o
                0x0000000008000000                g_pfnVectors
                0x0000000008000130                . = ALIGN (0x4)

.text           0x0000000008000130     0x31e4
                0x0000000008000130                . = ALIGN (0x4)
 *(.text)
 .text          0x0000000008000130       0x40 /Applications/STM32CubeIDE.app/Contents/Eclipse/plugins/com.st.stm32cube.ide.mcu.externaltools.gnu-tools-for-stm32.9-2020-q2-update.macos64_2.0.0.202105311346/tools/bin/../lib/gcc/arm-none-eabi/9.3.1/thumb/v7-m/nofp/crtbegin.o
 .text          0x0000000008000170      0x168 /Applications/STM32CubeIDE.app/Contents/Eclipse/plugins/com.st.stm32cube.ide.mcu.externaltools.gnu-tools-for-stm32.9-2020-q2-update.macos64_2.0.0.202105311346/tools/bin/../lib/gcc/arm-none-eabi/9.3.1/thumb/v7-m/nofp/libgcc.a(_arm_mulsf3.o)
                0x0000000008000170                __mulsf3
                0x0000000008000170                __aeabi_fmul
 .text          0x00000000080002d8      0x378 /Applications/STM32CubeIDE.app/Contents/Eclipse/plugins/com.st.stm32cube.ide.mcu.externaltools.gnu-tools-for-stm32.9-2020-q2-update.macos64_2.0.0.202105311346/tools/bin/../lib/gcc/arm-none-eabi/9.3.1/thumb/v7-m/nofp/libgcc.a(_arm_addsubdf3.o)
                0x00000000080002d8                __aeabi_drsub
                0x00000000080002e0                __subdf3
                0x00000000080002e0                __aeabi_dsub
                0x00000000080002e4                __aeabi_dadd
                0x00000000080002e4                __adddf3
                0x000000000800055c                __aeabi_ui2d
                0x000000000800055c                __floatunsidf
                0x000000000800057c                __floatsidf
                0x000000000800057c                __aeabi_i2d
                0x00000000080005a0                __extendsfdf2
                0x00000000080005a0                __aeabi_f2d
                0x00000000080005e4                __aeabi_ul2d
                0x00000000080005e4                __floatundidf
                0x00000000080005f4                __aeabi_l2d
                0x00000000080005f4                __floatdidf
 .text          0x0000000008000650      0x424 /Applications/STM32CubeIDE.app/Contents/Eclipse/plugins/com.st.stm32cube.ide.mcu.externaltools.gnu-tools-for-stm32.9-2020-q2-update.macos64_2.0.0.202105311346/tools/bin/../lib/gcc/arm-none-eabi/9.3.1/thumb/v7-m/nofp/libgcc.a(_arm_muldivdf3.o)
                0x0000000008000650                __aeabi_dmul
                0x0000000008000650                __muldf3
                0x00000000080008a4                __aeabi_ddiv
                0x00000000080008a4                __divdf3
 .text          0x0000000008000a74      0x110 /Applications/STM32CubeIDE.app/Contents/Eclipse/plugins/com.st.stm32cube.ide.mcu.externaltools.gnu-tools-for-stm32.9-2020-q2-update.macos64_2.0.0.202105311346/tools/bin/../lib/gcc/arm-none-eabi/9.3.1/thumb/v7-m/nofp/libgcc.a(_arm_cmpdf2.o)
                0x0000000008000a74                __gedf2
                0x0000000008000a74                __gtdf2
                0x0000000008000a7c                __ledf2
                0x0000000008000a7c                __ltdf2
                0x0000000008000a84                __cmpdf2
                0x0000000008000a84                __eqdf2
                0x0000000008000a84                __nedf2
                0x0000000008000b00                __aeabi_cdrcmple
                0x0000000008000b10                __aeabi_cdcmple
                0x0000000008000b10                __aeabi_cdcmpeq
                0x0000000008000b20                __aeabi_dcmpeq
                0x0000000008000b34                __aeabi_dcmplt
                0x0000000008000b48                __aeabi_dcmple
                0x0000000008000b5c                __aeabi_dcmpge
                0x0000000008000b70                __aeabi_dcmpgt
 .text          0x0000000008000b84       0x50 /Applications/STM32CubeIDE.app/Contents/Eclipse/plugins/com.st.stm32cube.ide.mcu.externaltools.gnu-tools-for-stm32.9-2020-q2-update.macos64_2.0.0.202105311346/tools/bin/../lib/gcc/arm-none-eabi/9.3.1/thumb/v7-m/nofp/libgcc.a(_arm_fixdfsi.o)
                0x0000000008000b84                __fixdfsi
                0x0000000008000b84                __aeabi_d2iz
 .text          0x0000000008000bd4       0xa0 /Applications/STM32CubeIDE.app/Contents/Eclipse/plugins/com.st.stm32cube.ide.mcu.externaltools.gnu-tools-for-stm32.9-2020-q2-update.macos64_2.0.0.202105311346/tools/bin/../lib/gcc/arm-none-eabi/9.3.1/thumb/v7-m/nofp/libgcc.a(_arm_truncdfsf2.o)
                0x0000000008000bd4                __aeabi_d2f
                0x0000000008000bd4                __truncdfsf2
 .text          0x0000000008000c74      0x21c /Applications/STM32CubeIDE.app/Contents/Eclipse/plugins/com.st.stm32cube.ide.mcu.externaltools.gnu-tools-for-stm32.9-2020-q2-update.macos64_2.0.0.202105311346/tools/bin/../lib/gcc/arm-none-eabi/9.3.1/thumb/v7-m/nofp/libgcc.a(_arm_addsubsf3.o)
                0x0000000008000c74                __aeabi_frsub
                0x0000000008000c7c                __aeabi_fsub
                0x0000000008000c7c                __subsf3
                0x0000000008000c80                __aeabi_fadd
                0x0000000008000c80                __addsf3
                0x0000000008000de0                __aeabi_ui2f
                0x0000000008000de0                __floatunsisf
                0x0000000008000de8                __floatsisf
                0x0000000008000de8                __aeabi_i2f
                0x0000000008000e04                __aeabi_ul2f
                0x0000000008000e04                __floatundisf
                0x0000000008000e14                __aeabi_l2f
                0x0000000008000e14                __floatdisf
 .text          0x0000000008000e90       0xec /Applications/STM32CubeIDE.app/Contents/Eclipse/plugins/com.st.stm32cube.ide.mcu.externaltools.gnu-tools-for-stm32.9-2020-q2-update.macos64_2.0.0.202105311346/tools/bin/../lib/gcc/arm-none-eabi/9.3.1/thumb/v7-m/nofp/libgcc.a(_arm_cmpsf2.o)
                0x0000000008000e90                __gesf2
                0x0000000008000e90                __gtsf2
                0x0000000008000e98                __ltsf2
                0x0000000008000e98                __lesf2
                0x0000000008000ea0                __nesf2
                0x0000000008000ea0                __eqsf2
                0x0000000008000ea0                __cmpsf2
                0x0000000008000f00                __aeabi_cfrcmple
                0x0000000008000f08                __aeabi_cfcmpeq
                0x0000000008000f08                __aeabi_cfcmple
                0x0000000008000f18                __aeabi_fcmpeq
                0x0000000008000f2c                __aeabi_fcmplt
                0x0000000008000f40                __aeabi_fcmple
                0x0000000008000f54                __aeabi_fcmpge
                0x0000000008000f68                __aeabi_fcmpgt
 .text          0x0000000008000f7c       0x4c /Applications/STM32CubeIDE.app/Contents/Eclipse/plugins/com.st.stm32cube.ide.mcu.externaltools.gnu-tools-for-stm32.9-2020-q2-update.macos64_2.0.0.202105311346/tools/bin/../lib/gcc/arm-none-eabi/9.3.1/thumb/v7-m/nofp/libgcc.a(_arm_fixsfsi.o)
                0x0000000008000f7c                __fixsfsi
                0x0000000008000f7c                __aeabi_f2iz
 .text          0x0000000008000fc8       0x40 /Applications/STM32CubeIDE.app/Contents/Eclipse/plugins/com.st.stm32cube.ide.mcu.externaltools.gnu-tools-for-stm32.9-2020-q2-update.macos64_2.0.0.202105311346/tools/bin/../lib/gcc/arm-none-eabi/9.3.1/thumb/v7-m/nofp/libgcc.a(_arm_fixunssfsi.o)
                0x0000000008000fc8                __aeabi_f2uiz
                0x0000000008000fc8                __fixunssfsi
 *(.text*)
 .text.ANGLE_Init
                0x0000000008001008      0x13c ./Src/angle.o
                0x0000000008001008                ANGLE_Init
 .text.ANGLE_Read
                0x0000000008001144       0x48 ./Src/angle.o
                0x0000000008001144                ANGLE_Read
 .text.__enable_irq
                0x000000000800118c        0xe ./Src/control.o
 .text.__disable_irq
                0x000000000800119a        0xe ./Src/control.o
 .text.CONTROL_Init
                0x00000000080011a8       0x90 ./Src/control.o
                0x00000000080011a8                CONTROL_Init
 .text.CONTROL_ToggleState
                0x0000000008001238       0x30 ./Src/control.o
                0x0000000008001238                CONTROL_ToggleState
 .text.wrapLocal
                0x0000000008001268       0x4e ./Src/control.o
                0x0000000008001268                wrapLocal
 *fill*         0x00000000080012b6        0x2 
 .text.CONTROL_Loop
                0x00000000080012b8      0x608 ./Src/control.o
                0x00000000080012b8                CONTROL_Loop
 .text.CONTROL_BackgroundTask
                0x00000000080018c0      0x308 ./Src/control.o
                0x00000000080018c0                CONTROL_BackgroundTask
 .text.cmd_Ping
                0x0000000008001bc8       0x22 ./Src/control.o
                0x0000000008001bc8                cmd_Ping
 *fill*         0x0000000008001bea        0x2 
 .text.cmd_StreamOutput
                0x0000000008001bec       0x24 ./Src/control.o
                0x0000000008001bec                cmd_StreamOutput
 .text.cmd_Calibrate
                0x0000000008001c10      0x23c ./Src/control.o
                0x0000000008001c10                cmd_Calibrate
 .text.cmd_ControlMode
                0x0000000008001e4c       0xcc ./Src/control.o
                0x0000000008001e4c                cmd_ControlMode
 .text.cmd_SetAngleConfig
                0x0000000008001f18       0x6c ./Src/control.o
                0x0000000008001f18                cmd_SetAngleConfig
 .text.cmd_GetAngleConfig
                0x0000000008001f84       0xc8 ./Src/control.o
                0x0000000008001f84                cmd_GetAngleConfig
 .text.cmd_SetPositionConfig
                0x000000000800204c       0x88 ./Src/control.o
                0x000000000800204c                cmd_SetPositionConfig
 .text.cmd_GetPositionConfig
                0x00000000080020d4       0xa8 ./Src/control.o
                0x00000000080020d4                cmd_GetPositionConfig
 .text.cmd_SetMotor
                0x000000000800217c       0x6c ./Src/control.o
                0x000000000800217c                cmd_SetMotor
 .text.cmd_SetControlConfig
                0x00000000080021e8       0x60 ./Src/control.o
                0x00000000080021e8                cmd_SetControlConfig
 .text.crc      0x0000000008002248       0x6c ./Src/control.o
                0x0000000008002248                crc
 .text.crcIsValid
                0x00000000080022b4       0x2e ./Src/control.o
                0x00000000080022b4                crcIsValid
 *fill*         0x00000000080022e2        0x2 
 .text.ENCODER_Init
                0x00000000080022e4      0x114 ./Src/encoder.o
                0x00000000080022e4                ENCODER_Init
 .text.ENCODER_Read
                0x00000000080023f8       0x1c ./Src/encoder.o
                0x00000000080023f8                ENCODER_Read
 .text.TIM4_IRQHandler
                0x0000000008002414       0x24 ./Src/encoder.o
                0x0000000008002414                TIM4_IRQHandler
 .text.KEY_Init
                0x0000000008002438       0xec ./Src/key.o
                0x0000000008002438                KEY_Init
 .text.KEY_SetCallback
                0x0000000008002524       0x8c ./Src/key.o
                0x0000000008002524                KEY_SetCallback
 .text.EXTI2_IRQHandler
                0x00000000080025b0       0x38 ./Src/key.o
                0x00000000080025b0                EXTI2_IRQHandler
 .text.EXTI9_5_IRQHandler
                0x00000000080025e8       0x5c ./Src/key.o
                0x00000000080025e8                EXTI9_5_IRQHandler
 .text.EXTI15_10_IRQHandler
                0x0000000008002644       0x60 ./Src/key.o
                0x0000000008002644                EXTI15_10_IRQHandler
 .text.LED_Init
                0x00000000080026a4       0x44 ./Src/led.o
                0x00000000080026a4                LED_Init
 .text.Led_Enable
                0x00000000080026e8       0x24 ./Src/led.o
                0x00000000080026e8                Led_Enable
 .text.main     0x000000000800270c       0x58 ./Src/main.o
                0x000000000800270c                main
 .text.InsertionSortMethod
                0x0000000008002764       0x9c ./Src/median_filter.o
                0x0000000008002764                InsertionSortMethod
 .text.ClassicMedianFilter
                0x0000000008002800       0x6e ./Src/median_filter.o
                0x0000000008002800                ClassicMedianFilter
 .text.AdvanceMedianFilter
                0x000000000800286e       0x9e ./Src/median_filter.o
                0x000000000800286e                AdvanceMedianFilter
 .text.MOTOR_Init
                0x000000000800290c      0x128 ./Src/motor.o
                0x000000000800290c                MOTOR_Init
 .text.MOTOR_Stop
                0x0000000008002a34       0x2c ./Src/motor.o
                0x0000000008002a34                MOTOR_Stop
 .text.MOTOR_SetSpeed
                0x0000000008002a60       0x78 ./Src/motor.o
                0x0000000008002a60                MOTOR_SetSpeed
 .text.SYS_Init
                0x0000000008002ad8      0x11c ./Src/sys.o
                0x0000000008002ad8                SYS_Init
 .text.SYS_JTAG_Set
                0x0000000008002bf4       0x44 ./Src/sys.o
                0x0000000008002bf4                SYS_JTAG_Set
 .text.SYS_NVIC_Init
                0x0000000008002c38       0xc8 ./Src/sys.o
                0x0000000008002c38                SYS_NVIC_Init
 .text.SYS_EXTI_Config
                0x0000000008002d00       0xcc ./Src/sys.o
                0x0000000008002d00                SYS_EXTI_Config
 .text.SYS_DelayMS
                0x0000000008002dcc       0x58 ./Src/sys.o
                0x0000000008002dcc                SYS_DelayMS
 .text.TIMER1_Init
                0x0000000008002e24       0x98 ./Src/timer.o
                0x0000000008002e24                TIMER1_Init
 .text.TIMER1_ChangePeriod
                0x0000000008002ebc       0x48 ./Src/timer.o
                0x0000000008002ebc                TIMER1_ChangePeriod
 .text.TIMER1_SetCallback
                0x0000000008002f04       0x1c ./Src/timer.o
                0x0000000008002f04                TIMER1_SetCallback
 .text.TIMER1_getSystemTime_Us
                0x0000000008002f20       0x48 ./Src/timer.o
                0x0000000008002f20                TIMER1_getSystemTime_Us
 .text.TIM1_UP_IRQHandler
                0x0000000008002f68       0x4c ./Src/timer.o
                0x0000000008002f68                TIM1_UP_IRQHandler
 .text.__enable_irq
                0x0000000008002fb4        0xe ./Src/usart.o
 .text.__disable_irq
                0x0000000008002fc2        0xe ./Src/usart.o
 .text.USART_Init
                0x0000000008002fd0      0x148 ./Src/usart.o
                0x0000000008002fd0                USART_Init
 .text.USART_ReceiveAsync
                0x0000000008003118       0x60 ./Src/usart.o
                0x0000000008003118                USART_ReceiveAsync
 .text.USART1_IRQHandler
                0x0000000008003178       0x9c ./Src/usart.o
                0x0000000008003178                USART1_IRQHandler
 .text.USART_SendBuffer
                0x0000000008003214       0x4c ./Src/usart.o
                0x0000000008003214                USART_SendBuffer
 .text.Reset_Handler
                0x0000000008003260       0x50 ./Startup/startup_stm32f103c8tx.o
                0x0000000008003260                Reset_Handler
 .text.Default_Handler
                0x00000000080032b0        0x2 ./Startup/startup_stm32f103c8tx.o
                0x00000000080032b0                DMA2_Channel3_IRQHandler
                0x00000000080032b0                TIM8_CC_IRQHandler
                0x00000000080032b0                DebugMon_Handler
                0x00000000080032b0                TIM1_CC_IRQHandler
                0x00000000080032b0                HardFault_Handler
                0x00000000080032b0                TIM6_IRQHandler
                0x00000000080032b0                SysTick_Handler
                0x00000000080032b0                PVD_IRQHandler
                0x00000000080032b0                SDIO_IRQHandler
                0x00000000080032b0                PendSV_Handler
                0x00000000080032b0                NMI_Handler
                0x00000000080032b0                EXTI3_IRQHandler
                0x00000000080032b0                USB_HP_CAN_TX_IRQHandler
                0x00000000080032b0                EXTI0_IRQHandler
                0x00000000080032b0                I2C2_EV_IRQHandler
                0x00000000080032b0                UsageFault_Handler
                0x00000000080032b0                ADC1_2_IRQHandler
                0x00000000080032b0                SPI1_IRQHandler
                0x00000000080032b0                CAN_SCE_IRQHandler
                0x00000000080032b0                TAMPER_IRQHandler
                0x00000000080032b0                TIM8_UP_IRQHandler
                0x00000000080032b0                DMA2_Channel2_IRQHandler
                0x00000000080032b0                DMA1_Channel4_IRQHandler
                0x00000000080032b0                USART3_IRQHandler
                0x00000000080032b0                RTC_IRQHandler
                0x00000000080032b0                DMA1_Channel7_IRQHandler
                0x00000000080032b0                UART5_IRQHandler
                0x00000000080032b0                ADC3_IRQHandler
                0x00000000080032b0                CAN_RX1_IRQHandler
                0x00000000080032b0                DMA2_Channel1_IRQHandler
                0x00000000080032b0                I2C1_EV_IRQHandler
                0x00000000080032b0                DMA1_Channel6_IRQHandler
                0x00000000080032b0                UART4_IRQHandler
                0x00000000080032b0                TIM3_IRQHandler
                0x00000000080032b0                RCC_IRQHandler
                0x00000000080032b0                TIM1_TRG_COM_IRQHandler
                0x00000000080032b0                DMA1_Channel1_IRQHandler
                0x00000000080032b0                Default_Handler
                0x00000000080032b0                TIM7_IRQHandler
                0x00000000080032b0                TIM5_IRQHandler
                0x00000000080032b0                SPI2_IRQHandler
                0x00000000080032b0                USB_LP_CAN_RX0_IRQHandler
                0x00000000080032b0                MemManage_Handler
                0x00000000080032b0                SVC_Handler
                0x00000000080032b0                DMA1_Channel5_IRQHandler
                0x00000000080032b0                EXTI4_IRQHandler
                0x00000000080032b0                DMA1_Channel3_IRQHandler
                0x00000000080032b0                FSMC_IRQHandler
                0x00000000080032b0                WWDG_IRQHandler
                0x00000000080032b0                TIM2_IRQHandler
                0x00000000080032b0                TIM1_BRK_IRQHandler
                0x00000000080032b0                EXTI1_IRQHandler
                0x00000000080032b0                RTCAlarm_IRQHandler
                0x00000000080032b0                DMA2_Channel4_5_IRQHandler
                0x00000000080032b0                USART2_IRQHandler
                0x00000000080032b0                I2C2_ER_IRQHandler
                0x00000000080032b0                DMA1_Channel2_IRQHandler
                0x00000000080032b0                TIM8_BRK_IRQHandler
                0x00000000080032b0                FLASH_IRQHandler
                0x00000000080032b0                BusFault_Handler
                0x00000000080032b0                SPI3_IRQHandler
                0x00000000080032b0                I2C1_ER_IRQHandler
                0x00000000080032b0                TIM8_TRG_COM_IRQHandler
 *fill*         0x00000000080032b2        0x2 
 .text.__libc_init_array
                0x00000000080032b4       0x48 /Applications/STM32CubeIDE.app/Contents/Eclipse/plugins/com.st.stm32cube.ide.mcu.externaltools.gnu-tools-for-stm32.9-2020-q2-update.macos64_2.0.0.202105311346/tools/bin/../lib/gcc/arm-none-eabi/9.3.1/../../../../arm-none-eabi/lib/thumb/v7-m/nofp/libc_nano.a(lib_a-init.o)
                0x00000000080032b4                __libc_init_array
 *(.glue_7)
 .glue_7        0x00000000080032fc        0x0 linker stubs
 *(.glue_7t)
 .glue_7t       0x00000000080032fc        0x0 linker stubs
 *(.eh_frame)
 .eh_frame      0x00000000080032fc        0x0 /Applications/STM32CubeIDE.app/Contents/Eclipse/plugins/com.st.stm32cube.ide.mcu.externaltools.gnu-tools-for-stm32.9-2020-q2-update.macos64_2.0.0.202105311346/tools/bin/../lib/gcc/arm-none-eabi/9.3.1/thumb/v7-m/nofp/crtbegin.o
 *(.init)
 .init          0x00000000080032fc        0x4 /Applications/STM32CubeIDE.app/Contents/Eclipse/plugins/com.st.stm32cube.ide.mcu.externaltools.gnu-tools-for-stm32.9-2020-q2-update.macos64_2.0.0.202105311346/tools/bin/../lib/gcc/arm-none-eabi/9.3.1/thumb/v7-m/nofp/crti.o
                0x00000000080032fc                _init
 .init          0x0000000008003300        0x8 /Applications/STM32CubeIDE.app/Contents/Eclipse/plugins/com.st.stm32cube.ide.mcu.externaltools.gnu-tools-for-stm32.9-2020-q2-update.macos64_2.0.0.202105311346/tools/bin/../lib/gcc/arm-none-eabi/9.3.1/thumb/v7-m/nofp/crtn.o
 *(.fini)
 .fini          0x0000000008003308        0x4 /Applications/STM32CubeIDE.app/Contents/Eclipse/plugins/com.st.stm32cube.ide.mcu.externaltools.gnu-tools-for-stm32.9-2020-q2-update.macos64_2.0.0.202105311346/tools/bin/../lib/gcc/arm-none-eabi/9.3.1/thumb/v7-m/nofp/crti.o
                0x0000000008003308                _fini
 .fini          0x000000000800330c        0x8 /Applications/STM32CubeIDE.app/Contents/Eclipse/plugins/com.st.stm32cube.ide.mcu.externaltools.gnu-tools-for-stm32.9-2020-q2-update.macos64_2.0.0.202105311346/tools/bin/../lib/gcc/arm-none-eabi/9.3.1/thumb/v7-m/nofp/crtn.o
                0x0000000008003314                . = ALIGN (0x4)
                0x0000000008003314                _etext = .

.vfp11_veneer   0x0000000008003314        0x0
 .vfp11_veneer  0x0000000008003314        0x0 linker stubs

.v4_bx          0x0000000008003314        0x0
 .v4_bx         0x0000000008003314        0x0 linker stubs

.iplt           0x0000000008003314        0x0
 .iplt          0x0000000008003314        0x0 /Applications/STM32CubeIDE.app/Contents/Eclipse/plugins/com.st.stm32cube.ide.mcu.externaltools.gnu-tools-for-stm32.9-2020-q2-update.macos64_2.0.0.202105311346/tools/bin/../lib/gcc/arm-none-eabi/9.3.1/thumb/v7-m/nofp/crtbegin.o

.rel.dyn        0x0000000008003314        0x0
 .rel.iplt      0x0000000008003314        0x0 /Applications/STM32CubeIDE.app/Contents/Eclipse/plugins/com.st.stm32cube.ide.mcu.externaltools.gnu-tools-for-stm32.9-2020-q2-update.macos64_2.0.0.202105311346/tools/bin/../lib/gcc/arm-none-eabi/9.3.1/thumb/v7-m/nofp/crtbegin.o

.rodata         0x0000000008003314        0x0
                0x0000000008003314                . = ALIGN (0x4)
 *(.rodata)
 *(.rodata*)
                0x0000000008003314                . = ALIGN (0x4)

.ARM.extab      0x0000000008003314        0x0
                0x0000000008003314                . = ALIGN (0x4)
 *(.ARM.extab* .gnu.linkonce.armextab.*)
                0x0000000008003314                . = ALIGN (0x4)

.ARM            0x0000000008003314        0x0
                0x0000000008003314                . = ALIGN (0x4)
                0x0000000008003314                __exidx_start = .
 *(.ARM.exidx*)
                0x0000000008003314                __exidx_end = .
                0x0000000008003314                . = ALIGN (0x4)

.preinit_array  0x0000000008003314        0x0
                0x0000000008003314                . = ALIGN (0x4)
                0x0000000008003314                PROVIDE (__preinit_array_start = .)
 *(.preinit_array*)
                0x0000000008003314                PROVIDE (__preinit_array_end = .)
                0x0000000008003314                . = ALIGN (0x4)

.init_array     0x0000000008003314        0x4
                0x0000000008003314                . = ALIGN (0x4)
                0x0000000008003314                PROVIDE (__init_array_start = .)
 *(SORT_BY_NAME(.init_array.*))
 *(.init_array*)
 .init_array    0x0000000008003314        0x4 /Applications/STM32CubeIDE.app/Contents/Eclipse/plugins/com.st.stm32cube.ide.mcu.externaltools.gnu-tools-for-stm32.9-2020-q2-update.macos64_2.0.0.202105311346/tools/bin/../lib/gcc/arm-none-eabi/9.3.1/thumb/v7-m/nofp/crtbegin.o
                0x0000000008003318                PROVIDE (__init_array_end = .)
                0x0000000008003318                . = ALIGN (0x4)

.fini_array     0x0000000008003318        0x4
                0x0000000008003318                . = ALIGN (0x4)
                [!provide]                        PROVIDE (__fini_array_start = .)
 *(SORT_BY_NAME(.fini_array.*))
 *(.fini_array*)
 .fini_array    0x0000000008003318        0x4 /Applications/STM32CubeIDE.app/Contents/Eclipse/plugins/com.st.stm32cube.ide.mcu.externaltools.gnu-tools-for-stm32.9-2020-q2-update.macos64_2.0.0.202105311346/tools/bin/../lib/gcc/arm-none-eabi/9.3.1/thumb/v7-m/nofp/crtbegin.o
                [!provide]                        PROVIDE (__fini_array_end = .)
                0x000000000800331c                . = ALIGN (0x4)
                0x000000000800331c                _sidata = LOADADDR (.data)

.data           0x0000000020000000       0x2c load address 0x000000000800331c
                0x0000000020000000                . = ALIGN (0x4)
                0x0000000020000000                _sdata = .
 *(.data)
 *(.data*)
 .data.angle_setPoint
                0x0000000020000000        0x2 ./Src/control.o
                0x0000000020000000                angle_setPoint
 .data.angle_averageLen
                0x0000000020000002        0x2 ./Src/control.o
                0x0000000020000002                angle_averageLen
 .data.angle_smoothing
                0x0000000020000004        0x4 ./Src/control.o
                0x0000000020000004                angle_smoothing
 .data.angle_KP
                0x0000000020000008        0x4 ./Src/control.o
                0x0000000020000008                angle_KP
 .data.angle_KD
                0x000000002000000c        0x4 ./Src/control.o
                0x000000002000000c                angle_KD
 .data.position_ctrlPeriod
                0x0000000020000010        0x2 ./Src/control.o
                0x0000000020000010                position_ctrlPeriod
 *fill*         0x0000000020000012        0x2 
 .data.position_smoothing
                0x0000000020000014        0x4 ./Src/control.o
                0x0000000020000014                position_smoothing
 .data.position_KP
                0x0000000020000018        0x4 ./Src/control.o
                0x0000000020000018                position_KP
 .data.position_KD
                0x000000002000001c        0x4 ./Src/control.o
                0x000000002000001c                position_KD
 .data.controlLoopPeriodMs
                0x0000000020000020        0x2 ./Src/control.o
                0x0000000020000020                controlLoopPeriodMs
 .data.controlSync
                0x0000000020000022        0x1 ./Src/control.o
                0x0000000020000022                controlSync
 .data.isCalibrated
                0x0000000020000023        0x1 ./Src/control.o
                0x0000000020000023                isCalibrated
 .data.encoderDirection
                0x0000000020000024        0x4 ./Src/control.o
                0x0000000020000024                encoderDirection
 .data.newReceived
                0x0000000020000028        0x1 ./Src/control.o
                0x0000000020000028                newReceived
 *(.RamFunc)
 *(.RamFunc*)
                0x000000002000002c                . = ALIGN (0x4)
 *fill*         0x0000000020000029        0x3 
                0x000000002000002c                _edata = .

.igot.plt       0x000000002000002c        0x0 load address 0x0000000008003348
 .igot.plt      0x000000002000002c        0x0 /Applications/STM32CubeIDE.app/Contents/Eclipse/plugins/com.st.stm32cube.ide.mcu.externaltools.gnu-tools-for-stm32.9-2020-q2-update.macos64_2.0.0.202105311346/tools/bin/../lib/gcc/arm-none-eabi/9.3.1/thumb/v7-m/nofp/crtbegin.o
                0x000000002000002c                . = ALIGN (0x4)

.bss            0x000000002000002c      0x34c load address 0x0000000008003348
                0x000000002000002c                _sbss = .
                0x000000002000002c                __bss_start__ = _sbss
 *(.bss)
 .bss           0x000000002000002c       0x1c /Applications/STM32CubeIDE.app/Contents/Eclipse/plugins/com.st.stm32cube.ide.mcu.externaltools.gnu-tools-for-stm32.9-2020-q2-update.macos64_2.0.0.202105311346/tools/bin/../lib/gcc/arm-none-eabi/9.3.1/thumb/v7-m/nofp/crtbegin.o
 *(.bss*)
 .bss.streamEnable
                0x0000000020000048        0x1 ./Src/control.o
                0x0000000020000048                streamEnable
 *fill*         0x0000000020000049        0x3 
 .bss.angle_KI  0x000000002000004c        0x4 ./Src/control.o
                0x000000002000004c                angle_KI
 .bss.position_setPoint
                0x0000000020000050        0x2 ./Src/control.o
                0x0000000020000050                position_setPoint
 *fill*         0x0000000020000052        0x2 
 .bss.position_KI
                0x0000000020000054        0x4 ./Src/control.o
                0x0000000020000054                position_KI
 .bss.controlLatencyUs
                0x0000000020000058        0x4 ./Src/control.o
                0x0000000020000058                controlLatencyUs
 .bss.controlLatencyEnable
                0x000000002000005c        0x1 ./Src/control.o
                0x000000002000005c                controlLatencyEnable
 *fill*         0x000000002000005d        0x3 
 .bss.controlLatencyTimestampUs
                0x0000000020000060        0x4 ./Src/control.o
                0x0000000020000060                controlLatencyTimestampUs
 .bss.controlCommand
                0x0000000020000064        0x4 ./Src/control.o
                0x0000000020000064                controlCommand
 .bss.angleSampIndex
                0x0000000020000068        0x2 ./Src/control.o
                0x0000000020000068                angleSampIndex
 *fill*         0x000000002000006a        0x2 
 .bss.timeMeasured
                0x000000002000006c        0x4 ./Src/control.o
                0x000000002000006c                timeMeasured
 .bss.timeSent  0x0000000020000070        0x4 ./Src/control.o
                0x0000000020000070                timeSent
 .bss.timeReceived
                0x0000000020000074        0x4 ./Src/control.o
                0x0000000020000074                timeReceived
 .bss.latency   0x0000000020000078        0x4 ./Src/control.o
                0x0000000020000078                latency
 .bss.angle_I   0x000000002000007c        0x4 ./Src/control.o
                0x000000002000007c                angle_I
 .bss.position_I
                0x0000000020000080        0x4 ./Src/control.o
                0x0000000020000080                position_I
 .bss.rxBuffer  0x0000000020000084       0x20 ./Src/control.o
 .bss.txBuffer  0x00000000200000a4       0x20 ./Src/control.o
 .bss.prevAngle.5840
                0x00000000200000c4        0x4 ./Src/control.o
 .bss.frozen.5846
                0x00000000200000c8        0x1 ./Src/control.o
 *fill*         0x00000000200000c9        0x3 
 .bss.angleD.5843
                0x00000000200000cc        0x4 ./Src/control.o
 .bss.angleI.5844
                0x00000000200000d0        0x4 ./Src/control.o
 .bss.angleCmd.5835
                0x00000000200000d4        0x4 ./Src/control.o
 .bss.positionPrev.5845
                0x00000000200000d8        0x4 ./Src/control.o
 .bss.positionCmd.5836
                0x00000000200000dc        0x4 ./Src/control.o
 .bss.stopCnt.5838
                0x00000000200000e0        0x4 ./Src/control.o
 .bss.buffer.5839
                0x00000000200000e4       0x1e ./Src/control.o
 .bss.ledPeriodCnt.5833
                0x0000000020000102        0x2 ./Src/control.o
 .bss.ledState.5834
                0x0000000020000104        0x1 ./Src/control.o
 *fill*         0x0000000020000105        0x3 
 .bss.lastRead.5872
                0x0000000020000108        0x4 ./Src/control.o
 .bss.rxCnt.5867
                0x000000002000010c        0x4 ./Src/control.o
 .bss.buffer.5906
                0x0000000020000110       0x1e ./Src/control.o
 *fill*         0x000000002000012e        0x2 
 .bss.timer_resets
                0x0000000020000130        0x4 ./Src/timer.o
                0x0000000020000130                timer_resets
 .bss.periodMS  0x0000000020000134        0x4 ./Src/timer.o
                0x0000000020000134                periodMS
 .bss.usartRxBuffer
                0x0000000020000138      0x100 ./Src/usart.o
 .bss.rxInp     0x0000000020000238        0x4 ./Src/usart.o
 .bss.rxOut     0x000000002000023c        0x4 ./Src/usart.o
 .bss.rxCnt     0x0000000020000240        0x4 ./Src/usart.o
 *(COMMON)
 COMMON         0x0000000020000244      0x11c ./Src/control.o
                0x0000000020000244                angleSamplesTimestamp
                0x00000000200002c4                angleErrPrev
                0x00000000200002c8                positionLimitRight
                0x00000000200002cc                positionErrPrev
                0x00000000200002d0                positionLimitLeft
                0x00000000200002d4                angleSamples
                0x0000000020000354                positionPeriodCnt
                0x0000000020000356                ledPeriod
                0x0000000020000358                controlEnabled
                0x000000002000035c                positionCentre
 COMMON         0x0000000020000360       0x14 ./Src/key.o
                0x0000000020000360                cbKey5
                0x0000000020000364                cbKey2
                0x0000000020000368                cbKey11
                0x000000002000036c                cbKey7
                0x0000000020000370                cbKey12
 COMMON         0x0000000020000374        0x4 ./Src/timer.o
                0x0000000020000374                cbTimer1
                0x0000000020000378                . = ALIGN (0x4)
                0x0000000020000378                _ebss = .
                0x0000000020000378                __bss_end__ = _ebss

._user_heap_stack
                0x0000000020000378      0x600 load address 0x0000000008003348
                0x0000000020000378                . = ALIGN (0x8)
                [!provide]                        PROVIDE (end = .)
                [!provide]                        PROVIDE (_end = .)
                0x0000000020000578                . = (. + _Min_Heap_Size)
 *fill*         0x0000000020000378      0x200 
                0x0000000020000978                . = (. + _Min_Stack_Size)
 *fill*         0x0000000020000578      0x400 
                0x0000000020000978                . = ALIGN (0x8)

/DISCARD/
 libc.a(*)
 libm.a(*)
 libgcc.a(*)

.ARM.attributes
                0x0000000000000000       0x29
 *(.ARM.attributes)
 .ARM.attributes
                0x0000000000000000       0x1d /Applications/STM32CubeIDE.app/Contents/Eclipse/plugins/com.st.stm32cube.ide.mcu.externaltools.gnu-tools-for-stm32.9-2020-q2-update.macos64_2.0.0.202105311346/tools/bin/../lib/gcc/arm-none-eabi/9.3.1/thumb/v7-m/nofp/crti.o
 .ARM.attributes
                0x000000000000001d       0x2d /Applications/STM32CubeIDE.app/Contents/Eclipse/plugins/com.st.stm32cube.ide.mcu.externaltools.gnu-tools-for-stm32.9-2020-q2-update.macos64_2.0.0.202105311346/tools/bin/../lib/gcc/arm-none-eabi/9.3.1/thumb/v7-m/nofp/crtbegin.o
 .ARM.attributes
                0x000000000000004a       0x2d ./Src/angle.o
 .ARM.attributes
                0x0000000000000077       0x2d ./Src/control.o
 .ARM.attributes
                0x00000000000000a4       0x2d ./Src/encoder.o
 .ARM.attributes
                0x00000000000000d1       0x2d ./Src/key.o
 .ARM.attributes
                0x00000000000000fe       0x2d ./Src/led.o
 .ARM.attributes
                0x000000000000012b       0x2d ./Src/main.o
 .ARM.attributes
                0x0000000000000158       0x2d ./Src/median_filter.o
 .ARM.attributes
                0x0000000000000185       0x2d ./Src/motor.o
 .ARM.attributes
                0x00000000000001b2       0x2d ./Src/sys.o
 .ARM.attributes
                0x00000000000001df       0x2d ./Src/timer.o
 .ARM.attributes
                0x000000000000020c       0x2d ./Src/usart.o
 .ARM.attributes
                0x0000000000000239       0x21 ./Startup/startup_stm32f103c8tx.o
 .ARM.attributes
                0x000000000000025a       0x2d /Applications/STM32CubeIDE.app/Contents/Eclipse/plugins/com.st.stm32cube.ide.mcu.externaltools.gnu-tools-for-stm32.9-2020-q2-update.macos64_2.0.0.202105311346/tools/bin/../lib/gcc/arm-none-eabi/9.3.1/../../../../arm-none-eabi/lib/thumb/v7-m/nofp/libc_nano.a(lib_a-init.o)
 .ARM.attributes
                0x0000000000000287       0x1d /Applications/STM32CubeIDE.app/Contents/Eclipse/plugins/com.st.stm32cube.ide.mcu.externaltools.gnu-tools-for-stm32.9-2020-q2-update.macos64_2.0.0.202105311346/tools/bin/../lib/gcc/arm-none-eabi/9.3.1/thumb/v7-m/nofp/libgcc.a(_arm_mulsf3.o)
 .ARM.attributes
                0x00000000000002a4       0x1d /Applications/STM32CubeIDE.app/Contents/Eclipse/plugins/com.st.stm32cube.ide.mcu.externaltools.gnu-tools-for-stm32.9-2020-q2-update.macos64_2.0.0.202105311346/tools/bin/../lib/gcc/arm-none-eabi/9.3.1/thumb/v7-m/nofp/libgcc.a(_arm_addsubdf3.o)
 .ARM.attributes
                0x00000000000002c1       0x1d /Applications/STM32CubeIDE.app/Contents/Eclipse/plugins/com.st.stm32cube.ide.mcu.externaltools.gnu-tools-for-stm32.9-2020-q2-update.macos64_2.0.0.202105311346/tools/bin/../lib/gcc/arm-none-eabi/9.3.1/thumb/v7-m/nofp/libgcc.a(_arm_muldivdf3.o)
 .ARM.attributes
                0x00000000000002de       0x1d /Applications/STM32CubeIDE.app/Contents/Eclipse/plugins/com.st.stm32cube.ide.mcu.externaltools.gnu-tools-for-stm32.9-2020-q2-update.macos64_2.0.0.202105311346/tools/bin/../lib/gcc/arm-none-eabi/9.3.1/thumb/v7-m/nofp/libgcc.a(_arm_cmpdf2.o)
 .ARM.attributes
                0x00000000000002fb       0x1d /Applications/STM32CubeIDE.app/Contents/Eclipse/plugins/com.st.stm32cube.ide.mcu.externaltools.gnu-tools-for-stm32.9-2020-q2-update.macos64_2.0.0.202105311346/tools/bin/../lib/gcc/arm-none-eabi/9.3.1/thumb/v7-m/nofp/libgcc.a(_arm_fixdfsi.o)
 .ARM.attributes
                0x0000000000000318       0x1d /Applications/STM32CubeIDE.app/Contents/Eclipse/plugins/com.st.stm32cube.ide.mcu.externaltools.gnu-tools-for-stm32.9-2020-q2-update.macos64_2.0.0.202105311346/tools/bin/../lib/gcc/arm-none-eabi/9.3.1/thumb/v7-m/nofp/libgcc.a(_arm_truncdfsf2.o)
 .ARM.attributes
                0x0000000000000335       0x1d /Applications/STM32CubeIDE.app/Contents/Eclipse/plugins/com.st.stm32cube.ide.mcu.externaltools.gnu-tools-for-stm32.9-2020-q2-update.macos64_2.0.0.202105311346/tools/bin/../lib/gcc/arm-none-eabi/9.3.1/thumb/v7-m/nofp/libgcc.a(_arm_addsubsf3.o)
 .ARM.attributes
                0x0000000000000352       0x1d /Applications/STM32CubeIDE.app/Contents/Eclipse/plugins/com.st.stm32cube.ide.mcu.externaltools.gnu-tools-for-stm32.9-2020-q2-update.macos64_2.0.0.202105311346/tools/bin/../lib/gcc/arm-none-eabi/9.3.1/thumb/v7-m/nofp/libgcc.a(_arm_cmpsf2.o)
 .ARM.attributes
                0x000000000000036f       0x1d /Applications/STM32CubeIDE.app/Contents/Eclipse/plugins/com.st.stm32cube.ide.mcu.externaltools.gnu-tools-for-stm32.9-2020-q2-update.macos64_2.0.0.202105311346/tools/bin/../lib/gcc/arm-none-eabi/9.3.1/thumb/v7-m/nofp/libgcc.a(_arm_fixsfsi.o)
 .ARM.attributes
                0x000000000000038c       0x1d /Applications/STM32CubeIDE.app/Contents/Eclipse/plugins/com.st.stm32cube.ide.mcu.externaltools.gnu-tools-for-stm32.9-2020-q2-update.macos64_2.0.0.202105311346/tools/bin/../lib/gcc/arm-none-eabi/9.3.1/thumb/v7-m/nofp/libgcc.a(_arm_fixunssfsi.o)
 .ARM.attributes
                0x00000000000003a9       0x1d /Applications/STM32CubeIDE.app/Contents/Eclipse/plugins/com.st.stm32cube.ide.mcu.externaltools.gnu-tools-for-stm32.9-2020-q2-update.macos64_2.0.0.202105311346/tools/bin/../lib/gcc/arm-none-eabi/9.3.1/thumb/v7-m/nofp/crtn.o
OUTPUT(CartPole CubeIDE.elf elf32-littlearm)
LOAD linker stubs
LOAD /Applications/STM32CubeIDE.app/Contents/Eclipse/plugins/com.st.stm32cube.ide.mcu.externaltools.gnu-tools-for-stm32.9-2020-q2-update.macos64_2.0.0.202105311346/tools/bin/../lib/gcc/arm-none-eabi/9.3.1/../../../../arm-none-eabi/lib/thumb/v7-m/nofp/libc.a
LOAD /Applications/STM32CubeIDE.app/Contents/Eclipse/plugins/com.st.stm32cube.ide.mcu.externaltools.gnu-tools-for-stm32.9-2020-q2-update.macos64_2.0.0.202105311346/tools/bin/../lib/gcc/arm-none-eabi/9.3.1/../../../../arm-none-eabi/lib/thumb/v7-m/nofp/libm.a
LOAD /Applications/STM32CubeIDE.app/Contents/Eclipse/plugins/com.st.stm32cube.ide.mcu.externaltools.gnu-tools-for-stm32.9-2020-q2-update.macos64_2.0.0.202105311346/tools/bin/../lib/gcc/arm-none-eabi/9.3.1/thumb/v7-m/nofp/libgcc.a

.debug_info     0x0000000000000000     0x3ca8
 .debug_info    0x0000000000000000      0x362 ./Src/angle.o
 .debug_info    0x0000000000000362     0x1314 ./Src/control.o
 .debug_info    0x0000000000001676      0x5ab ./Src/encoder.o
 .debug_info    0x0000000000001c21      0x461 ./Src/key.o
 .debug_info    0x0000000000002082      0x206 ./Src/led.o
 .debug_info    0x0000000000002288       0xbc ./Src/main.o
 .debug_info    0x0000000000002344      0x19f ./Src/median_filter.o
 .debug_info    0x00000000000024e3      0x476 ./Src/motor.o
 .debug_info    0x0000000000002959      0x747 ./Src/sys.o
 .debug_info    0x00000000000030a0      0x5f2 ./Src/timer.o
 .debug_info    0x0000000000003692      0x5f4 ./Src/usart.o
 .debug_info    0x0000000000003c86       0x22 ./Startup/startup_stm32f103c8tx.o

.debug_abbrev   0x0000000000000000      0xea3
 .debug_abbrev  0x0000000000000000      0x130 ./Src/angle.o
 .debug_abbrev  0x0000000000000130      0x301 ./Src/control.o
 .debug_abbrev  0x0000000000000431      0x120 ./Src/encoder.o
 .debug_abbrev  0x0000000000000551      0x13a ./Src/key.o
 .debug_abbrev  0x000000000000068b       0xf0 ./Src/led.o
 .debug_abbrev  0x000000000000077b       0x85 ./Src/main.o
 .debug_abbrev  0x0000000000000800       0x92 ./Src/median_filter.o
 .debug_abbrev  0x0000000000000892       0xf0 ./Src/motor.o
 .debug_abbrev  0x0000000000000982      0x196 ./Src/sys.o
 .debug_abbrev  0x0000000000000b18      0x19d ./Src/timer.o
 .debug_abbrev  0x0000000000000cb5      0x1dc ./Src/usart.o
 .debug_abbrev  0x0000000000000e91       0x12 ./Startup/startup_stm32f103c8tx.o

.debug_aranges  0x0000000000000000      0x328
 .debug_aranges
                0x0000000000000000       0x30 ./Src/angle.o
 .debug_aranges
                0x0000000000000030       0xc8 ./Src/control.o
 .debug_aranges
                0x00000000000000f8       0x30 ./Src/encoder.o
 .debug_aranges
                0x0000000000000128       0x40 ./Src/key.o
 .debug_aranges
                0x0000000000000168       0x28 ./Src/led.o
 .debug_aranges
                0x0000000000000190       0x20 ./Src/main.o
 .debug_aranges
                0x00000000000001b0       0x30 ./Src/median_filter.o
 .debug_aranges
                0x00000000000001e0       0x30 ./Src/motor.o
 .debug_aranges
                0x0000000000000210       0x48 ./Src/sys.o
 .debug_aranges
                0x0000000000000258       0x48 ./Src/timer.o
 .debug_aranges
                0x00000000000002a0       0x60 ./Src/usart.o
 .debug_aranges
                0x0000000000000300       0x28 ./Startup/startup_stm32f103c8tx.o

.debug_ranges   0x0000000000000000      0x270
 .debug_ranges  0x0000000000000000       0x20 ./Src/angle.o
 .debug_ranges  0x0000000000000020       0xb8 ./Src/control.o
 .debug_ranges  0x00000000000000d8       0x20 ./Src/encoder.o
 .debug_ranges  0x00000000000000f8       0x30 ./Src/key.o
 .debug_ranges  0x0000000000000128       0x18 ./Src/led.o
 .debug_ranges  0x0000000000000140       0x10 ./Src/main.o
 .debug_ranges  0x0000000000000150       0x20 ./Src/median_filter.o
 .debug_ranges  0x0000000000000170       0x20 ./Src/motor.o
 .debug_ranges  0x0000000000000190       0x38 ./Src/sys.o
 .debug_ranges  0x00000000000001c8       0x38 ./Src/timer.o
 .debug_ranges  0x0000000000000200       0x50 ./Src/usart.o
 .debug_ranges  0x0000000000000250       0x20 ./Startup/startup_stm32f103c8tx.o

.debug_macro    0x0000000000000000     0xa83d
 .debug_macro   0x0000000000000000       0xac ./Src/angle.o
 .debug_macro   0x00000000000000ac      0xaa2 ./Src/angle.o
 .debug_macro   0x0000000000000b4e       0x10 ./Src/angle.o
 .debug_macro   0x0000000000000b5e       0x56 ./Src/angle.o
 .debug_macro   0x0000000000000bb4       0x22 ./Src/angle.o
 .debug_macro   0x0000000000000bd6       0x22 ./Src/angle.o
 .debug_macro   0x0000000000000bf8       0x8e ./Src/angle.o
 .debug_macro   0x0000000000000c86       0x51 ./Src/angle.o
 .debug_macro   0x0000000000000cd7      0x103 ./Src/angle.o
 .debug_macro   0x0000000000000dda       0x6a ./Src/angle.o
 .debug_macro   0x0000000000000e44      0x1df ./Src/angle.o
 .debug_macro   0x0000000000001023      0x69f ./Src/angle.o
 .debug_macro   0x00000000000016c2     0x7def ./Src/angle.o
 .debug_macro   0x00000000000094b1       0x22 ./Src/angle.o
 .debug_macro   0x00000000000094d3      0x112 ./Src/angle.o
 .debug_macro   0x00000000000095e5      0x22f ./Src/control.o
 .debug_macro   0x0000000000009814       0x10 ./Src/control.o
 .debug_macro   0x0000000000009824       0x10 ./Src/control.o
 .debug_macro   0x0000000000009834       0x10 ./Src/control.o
 .debug_macro   0x0000000000009844       0x7c ./Src/control.o
 .debug_macro   0x00000000000098c0       0x34 ./Src/control.o
 .debug_macro   0x00000000000098f4       0x18 ./Src/control.o
 .debug_macro   0x000000000000990c       0x52 ./Src/control.o
 .debug_macro   0x000000000000995e       0x3c ./Src/control.o
 .debug_macro   0x000000000000999a       0x34 ./Src/control.o
 .debug_macro   0x00000000000099ce       0x16 ./Src/control.o
 .debug_macro   0x00000000000099e4      0x10e ./Src/control.o
 .debug_macro   0x0000000000009af2       0x8d ./Src/control.o
 .debug_macro   0x0000000000009b7f       0x16 ./Src/control.o
 .debug_macro   0x0000000000009b95       0x43 ./Src/control.o
 .debug_macro   0x0000000000009bd8       0x34 ./Src/control.o
 .debug_macro   0x0000000000009c0c       0x10 ./Src/control.o
 .debug_macro   0x0000000000009c1c       0x58 ./Src/control.o
 .debug_macro   0x0000000000009c74       0x71 ./Src/control.o
 .debug_macro   0x0000000000009ce5       0x1c ./Src/control.o
 .debug_macro   0x0000000000009d01      0x12a ./Src/control.o
 .debug_macro   0x0000000000009e2b      0x339 ./Src/control.o
 .debug_macro   0x000000000000a164       0x16 ./Src/control.o
 .debug_macro   0x000000000000a17a       0x29 ./Src/control.o
 .debug_macro   0x000000000000a1a3       0xb2 ./Src/encoder.o
 .debug_macro   0x000000000000a255       0xb1 ./Src/key.o
 .debug_macro   0x000000000000a306       0x22 ./Src/key.o
 .debug_macro   0x000000000000a328       0xac ./Src/led.o
 .debug_macro   0x000000000000a3d4       0xf9 ./Src/main.o
 .debug_macro   0x000000000000a4cd       0x28 ./Src/main.o
 .debug_macro   0x000000000000a4f5       0x76 ./Src/main.o
 .debug_macro   0x000000000000a56b       0x20 ./Src/median_filter.o
 .debug_macro   0x000000000000a58b       0xb2 ./Src/motor.o
 .debug_macro   0x000000000000a63d       0xa2 ./Src/sys.o
 .debug_macro   0x000000000000a6df       0xac ./Src/timer.o
 .debug_macro   0x000000000000a78b       0xb2 ./Src/usart.o

.debug_line     0x0000000000000000     0x3df7
 .debug_line    0x0000000000000000      0x4f4 ./Src/angle.o
 .debug_line    0x00000000000004f4      0xf0c ./Src/control.o
 .debug_line    0x0000000000001400      0x470 ./Src/encoder.o
 .debug_line    0x0000000000001870      0x501 ./Src/key.o
 .debug_line    0x0000000000001d71      0x425 ./Src/led.o
 .debug_line    0x0000000000002196      0x465 ./Src/main.o
 .debug_line    0x00000000000025fb      0x147 ./Src/median_filter.o
 .debug_line    0x0000000000002742      0x4cc ./Src/motor.o
 .debug_line    0x0000000000002c0e      0x630 ./Src/sys.o
 .debug_line    0x000000000000323e      0x534 ./Src/timer.o
 .debug_line    0x0000000000003772      0x601 ./Src/usart.o
 .debug_line    0x0000000000003d73       0x84 ./Startup/startup_stm32f103c8tx.o

.debug_str      0x0000000000000000    0x36c6b
 .debug_str     0x0000000000000000    0x3240c ./Src/angle.o
                                      0x32575 (size before relaxing)
 .debug_str     0x000000000003240c     0x3e75 ./Src/control.o
                                      0x36422 (size before relaxing)
 .debug_str     0x0000000000036281      0x422 ./Src/encoder.o
                                      0x3291e (size before relaxing)
 .debug_str     0x00000000000366a3       0xe4 ./Src/key.o
                                      0x3287f (size before relaxing)
 .debug_str     0x0000000000036787       0x21 ./Src/led.o
                                      0x32502 (size before relaxing)
 .debug_str     0x00000000000367a8       0x24 ./Src/main.o
                                      0x3279d (size before relaxing)
 .debug_str     0x00000000000367cc       0xe3 ./Src/median_filter.o
                                       0x2f31 (size before relaxing)
 .debug_str     0x00000000000368af       0x34 ./Src/motor.o
                                      0x32658 (size before relaxing)
 .debug_str     0x00000000000368e3      0x18a ./Src/sys.o
                                      0x326ac (size before relaxing)
 .debug_str     0x0000000000036a6d       0xb2 ./Src/timer.o
                                      0x3297c (size before relaxing)
 .debug_str     0x0000000000036b1f       0xd2 ./Src/usart.o
                                      0x32925 (size before relaxing)
 .debug_str     0x0000000000036bf1       0x7a ./Startup/startup_stm32f103c8tx.o

.comment        0x0000000000000000       0x53
 .comment       0x0000000000000000       0x53 ./Src/angle.o
                                         0x54 (size before relaxing)
 .comment       0x0000000000000053       0x54 ./Src/control.o
 .comment       0x0000000000000053       0x54 ./Src/encoder.o
 .comment       0x0000000000000053       0x54 ./Src/key.o
 .comment       0x0000000000000053       0x54 ./Src/led.o
 .comment       0x0000000000000053       0x54 ./Src/main.o
 .comment       0x0000000000000053       0x54 ./Src/median_filter.o
 .comment       0x0000000000000053       0x54 ./Src/motor.o
 .comment       0x0000000000000053       0x54 ./Src/sys.o
 .comment       0x0000000000000053       0x54 ./Src/timer.o
 .comment       0x0000000000000053       0x54 ./Src/usart.o

.debug_frame    0x0000000000000000      0xd2c
 .debug_frame   0x0000000000000000       0x78 ./Src/angle.o
 .debug_frame   0x0000000000000078      0x334 ./Src/control.o
 .debug_frame   0x00000000000003ac       0x6c ./Src/encoder.o
 .debug_frame   0x0000000000000418       0xa8 ./Src/key.o
 .debug_frame   0x00000000000004c0       0x58 ./Src/led.o
 .debug_frame   0x0000000000000518       0x2c ./Src/main.o
 .debug_frame   0x0000000000000544       0x80 ./Src/median_filter.o
 .debug_frame   0x00000000000005c4       0x78 ./Src/motor.o
 .debug_frame   0x000000000000063c      0x100 ./Src/sys.o
 .debug_frame   0x000000000000073c       0xe0 ./Src/timer.o
 .debug_frame   0x000000000000081c      0x15c ./Src/usart.o
 .debug_frame   0x0000000000000978       0x2c /Applications/STM32CubeIDE.app/Contents/Eclipse/plugins/com.st.stm32cube.ide.mcu.externaltools.gnu-tools-for-stm32.9-2020-q2-update.macos64_2.0.0.202105311346/tools/bin/../lib/gcc/arm-none-eabi/9.3.1/../../../../arm-none-eabi/lib/thumb/v7-m/nofp/libc_nano.a(lib_a-init.o)
 .debug_frame   0x00000000000009a4       0x24 /Applications/STM32CubeIDE.app/Contents/Eclipse/plugins/com.st.stm32cube.ide.mcu.externaltools.gnu-tools-for-stm32.9-2020-q2-update.macos64_2.0.0.202105311346/tools/bin/../lib/gcc/arm-none-eabi/9.3.1/thumb/v7-m/nofp/libgcc.a(_arm_mulsf3.o)
 .debug_frame   0x00000000000009c8       0xac /Applications/STM32CubeIDE.app/Contents/Eclipse/plugins/com.st.stm32cube.ide.mcu.externaltools.gnu-tools-for-stm32.9-2020-q2-update.macos64_2.0.0.202105311346/tools/bin/../lib/gcc/arm-none-eabi/9.3.1/thumb/v7-m/nofp/libgcc.a(_arm_addsubdf3.o)
 .debug_frame   0x0000000000000a74       0x50 /Applications/STM32CubeIDE.app/Contents/Eclipse/plugins/com.st.stm32cube.ide.mcu.externaltools.gnu-tools-for-stm32.9-2020-q2-update.macos64_2.0.0.202105311346/tools/bin/../lib/gcc/arm-none-eabi/9.3.1/thumb/v7-m/nofp/libgcc.a(_arm_muldivdf3.o)
 .debug_frame   0x0000000000000ac4       0xc4 /Applications/STM32CubeIDE.app/Contents/Eclipse/plugins/com.st.stm32cube.ide.mcu.externaltools.gnu-tools-for-stm32.9-2020-q2-update.macos64_2.0.0.202105311346/tools/bin/../lib/gcc/arm-none-eabi/9.3.1/thumb/v7-m/nofp/libgcc.a(_arm_cmpdf2.o)
 .debug_frame   0x0000000000000b88       0x24 /Applications/STM32CubeIDE.app/Contents/Eclipse/plugins/com.st.stm32cube.ide.mcu.externaltools.gnu-tools-for-stm32.9-2020-q2-update.macos64_2.0.0.202105311346/tools/bin/../lib/gcc/arm-none-eabi/9.3.1/thumb/v7-m/nofp/libgcc.a(_arm_fixdfsi.o)
 .debug_frame   0x0000000000000bac       0x24 /Applications/STM32CubeIDE.app/Contents/Eclipse/plugins/com.st.stm32cube.ide.mcu.externaltools.gnu-tools-for-stm32.9-2020-q2-update.macos64_2.0.0.202105311346/tools/bin/../lib/gcc/arm-none-eabi/9.3.1/thumb/v7-m/nofp/libgcc.a(_arm_truncdfsf2.o)
 .debug_frame   0x0000000000000bd0       0x4c /Applications/STM32CubeIDE.app/Contents/Eclipse/plugins/com.st.stm32cube.ide.mcu.externaltools.gnu-tools-for-stm32.9-2020-q2-update.macos64_2.0.0.202105311346/tools/bin/../lib/gcc/arm-none-eabi/9.3.1/thumb/v7-m/nofp/libgcc.a(_arm_addsubsf3.o)
 .debug_frame   0x0000000000000c1c       0xc8 /Applications/STM32CubeIDE.app/Contents/Eclipse/plugins/com.st.stm32cube.ide.mcu.externaltools.gnu-tools-for-stm32.9-2020-q2-update.macos64_2.0.0.202105311346/tools/bin/../lib/gcc/arm-none-eabi/9.3.1/thumb/v7-m/nofp/libgcc.a(_arm_cmpsf2.o)
 .debug_frame   0x0000000000000ce4       0x24 /Applications/STM32CubeIDE.app/Contents/Eclipse/plugins/com.st.stm32cube.ide.mcu.externaltools.gnu-tools-for-stm32.9-2020-q2-update.macos64_2.0.0.202105311346/tools/bin/../lib/gcc/arm-none-eabi/9.3.1/thumb/v7-m/nofp/libgcc.a(_arm_fixsfsi.o)
 .debug_frame   0x0000000000000d08       0x24 /Applications/STM32CubeIDE.app/Contents/Eclipse/plugins/com.st.stm32cube.ide.mcu.externaltools.gnu-tools-for-stm32.9-2020-q2-update.macos64_2.0.0.202105311346/tools/bin/../lib/gcc/arm-none-eabi/9.3.1/thumb/v7-m/nofp/libgcc.a(_arm_fixunssfsi.o)
